// Vitest Snapshot v1, https://vitest.dev/guide/snapshot.html

exports[`套件名称 > snapshot 1`] = `
{
  "foo": "bar",
}
`;
